Archive member included to satisfy reference by file (symbol)

c:/program files (x86)/atmel/studio/7.0/toolchain/avr8/avr8-gnu-toolchain/bin/../lib/gcc/avr/5.4.0/avr5\libgcc.a(_exit.o)
                              C:/Program Files (x86)/Atmel/Studio/7.0/Packs/atmel/ATmega_DFP/1.7.374/gcc/dev/atmega32/avr5/crtatmega32.o (exit)
c:/program files (x86)/atmel/studio/7.0/toolchain/avr8/avr8-gnu-toolchain/bin/../lib/gcc/avr/5.4.0/avr5\libgcc.a(_tablejump2.o)
                              COTS/HAL/keypad.o (__tablejump2__)
c:/program files (x86)/atmel/studio/7.0/toolchain/avr8/avr8-gnu-toolchain/bin/../lib/gcc/avr/5.4.0/avr5\libgcc.a(_copy_data.o)
                              COTS/HAL/LCD.o (__do_copy_data)

Discarded input sections

 .data          0x00000000        0x0 C:/Program Files (x86)/Atmel/Studio/7.0/Packs/atmel/ATmega_DFP/1.7.374/gcc/dev/atmega32/avr5/crtatmega32.o
 .bss           0x00000000        0x0 C:/Program Files (x86)/Atmel/Studio/7.0/Packs/atmel/ATmega_DFP/1.7.374/gcc/dev/atmega32/avr5/crtatmega32.o
 .text          0x00000000        0x0 COTS/APP/app.o
 .data          0x00000000        0x0 COTS/APP/app.o
 .bss           0x00000000        0x0 COTS/APP/app.o
 .text          0x00000000        0x0 COTS/HAL/Button.o
 .data          0x00000000        0x0 COTS/HAL/Button.o
 .bss           0x00000000        0x0 COTS/HAL/Button.o
 .text.enable_pull_up
                0x00000000        0x8 COTS/HAL/Button.o
 .text          0x00000000        0x0 COTS/HAL/interupt.o
 .data          0x00000000        0x0 COTS/HAL/interupt.o
 .bss           0x00000000        0x0 COTS/HAL/interupt.o
 .text.SetupInterrupt
                0x00000000       0x40 COTS/HAL/interupt.o
 .debug_info    0x00000000      0x138 COTS/HAL/interupt.o
 .debug_abbrev  0x00000000       0xbd COTS/HAL/interupt.o
 .debug_loc     0x00000000       0x3a COTS/HAL/interupt.o
 .debug_aranges
                0x00000000       0x20 COTS/HAL/interupt.o
 .debug_ranges  0x00000000       0x10 COTS/HAL/interupt.o
 .debug_line    0x00000000      0x108 COTS/HAL/interupt.o
 .debug_str     0x00000000      0x1e6 COTS/HAL/interupt.o
 .comment       0x00000000       0x31 COTS/HAL/interupt.o
 .debug_frame   0x00000000       0x24 COTS/HAL/interupt.o
 .text          0x00000000        0x0 COTS/HAL/keypad.o
 .data          0x00000000        0x0 COTS/HAL/keypad.o
 .bss           0x00000000        0x0 COTS/HAL/keypad.o
 .text          0x00000000        0x0 COTS/HAL/LCD.o
 .data          0x00000000        0x0 COTS/HAL/LCD.o
 .bss           0x00000000        0x0 COTS/HAL/LCD.o
 .text          0x00000000        0x0 COTS/HAL/LED.o
 .data          0x00000000        0x0 COTS/HAL/LED.o
 .bss           0x00000000        0x0 COTS/HAL/LED.o
 .text.LED_on   0x00000000       0x30 COTS/HAL/LED.o
 .text.LEDS_init
                0x00000000       0x32 COTS/HAL/LED.o
 .text          0x00000000        0x0 COTS/MCAL/GPIO.o
 .data          0x00000000        0x0 COTS/MCAL/GPIO.o
 .bss           0x00000000        0x0 COTS/MCAL/GPIO.o
 .text.GPIO_writePort
                0x00000000       0x24 COTS/MCAL/GPIO.o
 .text.GPIO_readPort
                0x00000000       0x2c COTS/MCAL/GPIO.o
 .text          0x00000000        0x0 c:/program files (x86)/atmel/studio/7.0/toolchain/avr8/avr8-gnu-toolchain/bin/../lib/gcc/avr/5.4.0/avr5\libgcc.a(_exit.o)
 .data          0x00000000        0x0 c:/program files (x86)/atmel/studio/7.0/toolchain/avr8/avr8-gnu-toolchain/bin/../lib/gcc/avr/5.4.0/avr5\libgcc.a(_exit.o)
 .bss           0x00000000        0x0 c:/program files (x86)/atmel/studio/7.0/toolchain/avr8/avr8-gnu-toolchain/bin/../lib/gcc/avr/5.4.0/avr5\libgcc.a(_exit.o)
 .text.libgcc.mul
                0x00000000        0x0 c:/program files (x86)/atmel/studio/7.0/toolchain/avr8/avr8-gnu-toolchain/bin/../lib/gcc/avr/5.4.0/avr5\libgcc.a(_exit.o)
 .text.libgcc.div
                0x00000000        0x0 c:/program files (x86)/atmel/studio/7.0/toolchain/avr8/avr8-gnu-toolchain/bin/../lib/gcc/avr/5.4.0/avr5\libgcc.a(_exit.o)
 .text.libgcc   0x00000000        0x0 c:/program files (x86)/atmel/studio/7.0/toolchain/avr8/avr8-gnu-toolchain/bin/../lib/gcc/avr/5.4.0/avr5\libgcc.a(_exit.o)
 .text.libgcc.prologue
                0x00000000        0x0 c:/program files (x86)/atmel/studio/7.0/toolchain/avr8/avr8-gnu-toolchain/bin/../lib/gcc/avr/5.4.0/avr5\libgcc.a(_exit.o)
 .text.libgcc.builtins
                0x00000000        0x0 c:/program files (x86)/atmel/studio/7.0/toolchain/avr8/avr8-gnu-toolchain/bin/../lib/gcc/avr/5.4.0/avr5\libgcc.a(_exit.o)
 .text.libgcc.fmul
                0x00000000        0x0 c:/program files (x86)/atmel/studio/7.0/toolchain/avr8/avr8-gnu-toolchain/bin/../lib/gcc/avr/5.4.0/avr5\libgcc.a(_exit.o)
 .text.libgcc.fixed
                0x00000000        0x0 c:/program files (x86)/atmel/studio/7.0/toolchain/avr8/avr8-gnu-toolchain/bin/../lib/gcc/avr/5.4.0/avr5\libgcc.a(_exit.o)
 .text          0x00000000        0x0 c:/program files (x86)/atmel/studio/7.0/toolchain/avr8/avr8-gnu-toolchain/bin/../lib/gcc/avr/5.4.0/avr5\libgcc.a(_tablejump2.o)
 .data          0x00000000        0x0 c:/program files (x86)/atmel/studio/7.0/toolchain/avr8/avr8-gnu-toolchain/bin/../lib/gcc/avr/5.4.0/avr5\libgcc.a(_tablejump2.o)
 .bss           0x00000000        0x0 c:/program files (x86)/atmel/studio/7.0/toolchain/avr8/avr8-gnu-toolchain/bin/../lib/gcc/avr/5.4.0/avr5\libgcc.a(_tablejump2.o)
 .text.libgcc.mul
                0x00000000        0x0 c:/program files (x86)/atmel/studio/7.0/toolchain/avr8/avr8-gnu-toolchain/bin/../lib/gcc/avr/5.4.0/avr5\libgcc.a(_tablejump2.o)
 .text.libgcc.div
                0x00000000        0x0 c:/program files (x86)/atmel/studio/7.0/toolchain/avr8/avr8-gnu-toolchain/bin/../lib/gcc/avr/5.4.0/avr5\libgcc.a(_tablejump2.o)
 .text.libgcc.prologue
                0x00000000        0x0 c:/program files (x86)/atmel/studio/7.0/toolchain/avr8/avr8-gnu-toolchain/bin/../lib/gcc/avr/5.4.0/avr5\libgcc.a(_tablejump2.o)
 .text.libgcc.builtins
                0x00000000        0x0 c:/program files (x86)/atmel/studio/7.0/toolchain/avr8/avr8-gnu-toolchain/bin/../lib/gcc/avr/5.4.0/avr5\libgcc.a(_tablejump2.o)
 .text.libgcc.fmul
                0x00000000        0x0 c:/program files (x86)/atmel/studio/7.0/toolchain/avr8/avr8-gnu-toolchain/bin/../lib/gcc/avr/5.4.0/avr5\libgcc.a(_tablejump2.o)
 .text.libgcc.fixed
                0x00000000        0x0 c:/program files (x86)/atmel/studio/7.0/toolchain/avr8/avr8-gnu-toolchain/bin/../lib/gcc/avr/5.4.0/avr5\libgcc.a(_tablejump2.o)
 .text          0x00000000        0x0 c:/program files (x86)/atmel/studio/7.0/toolchain/avr8/avr8-gnu-toolchain/bin/../lib/gcc/avr/5.4.0/avr5\libgcc.a(_copy_data.o)
 .data          0x00000000        0x0 c:/program files (x86)/atmel/studio/7.0/toolchain/avr8/avr8-gnu-toolchain/bin/../lib/gcc/avr/5.4.0/avr5\libgcc.a(_copy_data.o)
 .bss           0x00000000        0x0 c:/program files (x86)/atmel/studio/7.0/toolchain/avr8/avr8-gnu-toolchain/bin/../lib/gcc/avr/5.4.0/avr5\libgcc.a(_copy_data.o)
 .text.libgcc.mul
                0x00000000        0x0 c:/program files (x86)/atmel/studio/7.0/toolchain/avr8/avr8-gnu-toolchain/bin/../lib/gcc/avr/5.4.0/avr5\libgcc.a(_copy_data.o)
 .text.libgcc.div
                0x00000000        0x0 c:/program files (x86)/atmel/studio/7.0/toolchain/avr8/avr8-gnu-toolchain/bin/../lib/gcc/avr/5.4.0/avr5\libgcc.a(_copy_data.o)
 .text.libgcc   0x00000000        0x0 c:/program files (x86)/atmel/studio/7.0/toolchain/avr8/avr8-gnu-toolchain/bin/../lib/gcc/avr/5.4.0/avr5\libgcc.a(_copy_data.o)
 .text.libgcc.prologue
                0x00000000        0x0 c:/program files (x86)/atmel/studio/7.0/toolchain/avr8/avr8-gnu-toolchain/bin/../lib/gcc/avr/5.4.0/avr5\libgcc.a(_copy_data.o)
 .text.libgcc.builtins
                0x00000000        0x0 c:/program files (x86)/atmel/studio/7.0/toolchain/avr8/avr8-gnu-toolchain/bin/../lib/gcc/avr/5.4.0/avr5\libgcc.a(_copy_data.o)
 .text.libgcc.fmul
                0x00000000        0x0 c:/program files (x86)/atmel/studio/7.0/toolchain/avr8/avr8-gnu-toolchain/bin/../lib/gcc/avr/5.4.0/avr5\libgcc.a(_copy_data.o)
 .text.libgcc.fixed
                0x00000000        0x0 c:/program files (x86)/atmel/studio/7.0/toolchain/avr8/avr8-gnu-toolchain/bin/../lib/gcc/avr/5.4.0/avr5\libgcc.a(_copy_data.o)

Memory Configuration

Name             Origin             Length             Attributes
text             0x00000000         0x00008000         xr
data             0x00800060         0x00000800         rw !x
eeprom           0x00810000         0x00000400         rw !x
fuse             0x00820000         0x00000002         rw !x
lock             0x00830000         0x00000400         rw !x
signature        0x00840000         0x00000400         rw !x
user_signatures  0x00850000         0x00000400         rw !x
*default*        0x00000000         0xffffffff

Linker script and memory map

LOAD C:/Program Files (x86)/Atmel/Studio/7.0/Packs/atmel/ATmega_DFP/1.7.374/gcc/dev/atmega32/avr5/crtatmega32.o
LOAD COTS/APP/app.o
LOAD COTS/HAL/Button.o
LOAD COTS/HAL/interupt.o
LOAD COTS/HAL/keypad.o
LOAD COTS/HAL/LCD.o
LOAD COTS/HAL/LED.o
LOAD COTS/MCAL/GPIO.o
START GROUP
LOAD c:/program files (x86)/atmel/studio/7.0/toolchain/avr8/avr8-gnu-toolchain/bin/../lib/gcc/avr/5.4.0/../../../../avr/lib/avr5\libm.a
END GROUP
START GROUP
LOAD c:/program files (x86)/atmel/studio/7.0/toolchain/avr8/avr8-gnu-toolchain/bin/../lib/gcc/avr/5.4.0/avr5\libgcc.a
LOAD c:/program files (x86)/atmel/studio/7.0/toolchain/avr8/avr8-gnu-toolchain/bin/../lib/gcc/avr/5.4.0/../../../../avr/lib/avr5\libm.a
LOAD c:/program files (x86)/atmel/studio/7.0/toolchain/avr8/avr8-gnu-toolchain/bin/../lib/gcc/avr/5.4.0/../../../../avr/lib/avr5\libc.a
LOAD C:/Program Files (x86)/Atmel/Studio/7.0/Packs/atmel/ATmega_DFP/1.7.374/gcc/dev/atmega32/avr5\libatmega32.a
END GROUP
                0x00000000                __TEXT_REGION_ORIGIN__ = DEFINED (__TEXT_REGION_ORIGIN__)?__TEXT_REGION_ORIGIN__:0x0
                [0x00800060]                __DATA_REGION_ORIGIN__ = DEFINED (__DATA_REGION_ORIGIN__)?__DATA_REGION_ORIGIN__:0x800060
                [0x00008000]                __TEXT_REGION_LENGTH__ = DEFINED (__TEXT_REGION_LENGTH__)?__TEXT_REGION_LENGTH__:0x20000
                [0x00000800]                __DATA_REGION_LENGTH__ = DEFINED (__DATA_REGION_LENGTH__)?__DATA_REGION_LENGTH__:0xffa0
                [0x00000400]                __EEPROM_REGION_LENGTH__ = DEFINED (__EEPROM_REGION_LENGTH__)?__EEPROM_REGION_LENGTH__:0x10000
                [0x00000002]                __FUSE_REGION_LENGTH__ = DEFINED (__FUSE_REGION_LENGTH__)?__FUSE_REGION_LENGTH__:0x400
                0x00000400                __LOCK_REGION_LENGTH__ = DEFINED (__LOCK_REGION_LENGTH__)?__LOCK_REGION_LENGTH__:0x400
                0x00000400                __SIGNATURE_REGION_LENGTH__ = DEFINED (__SIGNATURE_REGION_LENGTH__)?__SIGNATURE_REGION_LENGTH__:0x400
                0x00000400                __USER_SIGNATURE_REGION_LENGTH__ = DEFINED (__USER_SIGNATURE_REGION_LENGTH__)?__USER_SIGNATURE_REGION_LENGTH__:0x400

.hash
 *(.hash)

.dynsym
 *(.dynsym)

.dynstr
 *(.dynstr)

.gnu.version
 *(.gnu.version)

.gnu.version_d
 *(.gnu.version_d)

.gnu.version_r
 *(.gnu.version_r)

.rel.init
 *(.rel.init)

.rela.init
 *(.rela.init)

.rel.text
 *(.rel.text)
 *(.rel.text.*)
 *(.rel.gnu.linkonce.t*)

.rela.text
 *(.rela.text)
 *(.rela.text.*)
 *(.rela.gnu.linkonce.t*)

.rel.fini
 *(.rel.fini)

.rela.fini
 *(.rela.fini)

.rel.rodata
 *(.rel.rodata)
 *(.rel.rodata.*)
 *(.rel.gnu.linkonce.r*)

.rela.rodata
 *(.rela.rodata)
 *(.rela.rodata.*)
 *(.rela.gnu.linkonce.r*)

.rel.data
 *(.rel.data)
 *(.rel.data.*)
 *(.rel.gnu.linkonce.d*)

.rela.data
 *(.rela.data)
 *(.rela.data.*)
 *(.rela.gnu.linkonce.d*)

.rel.ctors
 *(.rel.ctors)

.rela.ctors
 *(.rela.ctors)

.rel.dtors
 *(.rel.dtors)

.rela.dtors
 *(.rela.dtors)

.rel.got
 *(.rel.got)

.rela.got
 *(.rela.got)

.rel.bss
 *(.rel.bss)

.rela.bss
 *(.rela.bss)

.rel.plt
 *(.rel.plt)

.rela.plt
 *(.rela.plt)

.text           0x00000000      0x82e
 *(.vectors)
 .vectors       0x00000000       0x54 C:/Program Files (x86)/Atmel/Studio/7.0/Packs/atmel/ATmega_DFP/1.7.374/gcc/dev/atmega32/avr5/crtatmega32.o
                0x00000000                __vector_default
                0x00000000                __vectors
 *(.vectors)
 *(.progmem.gcc*)
 .progmem.gcc_sw_table.Return_char
                0x00000054       0x18 COTS/HAL/keypad.o
                0x0000006c                . = ALIGN (0x2)
                0x0000006c                __trampolines_start = .
 *(.trampolines)
 .trampolines   0x0000006c        0x0 linker stubs
 *(.trampolines*)
                0x0000006c                __trampolines_end = .
 *libprintf_flt.a:*(.progmem.data)
 *libc.a:*(.progmem.data)
 *(.progmem*)
                0x0000006c                . = ALIGN (0x2)
 *(.jumptables)
 *(.jumptables*)
 *(.lowtext)
 *(.lowtext*)
                0x0000006c                __ctors_start = .
 *(.ctors)
                0x0000006c                __ctors_end = .
                0x0000006c                __dtors_start = .
 *(.dtors)
                0x0000006c                __dtors_end = .
 SORT(*)(.ctors)
 SORT(*)(.dtors)
 *(.init0)
 .init0         0x0000006c        0x0 C:/Program Files (x86)/Atmel/Studio/7.0/Packs/atmel/ATmega_DFP/1.7.374/gcc/dev/atmega32/avr5/crtatmega32.o
                0x0000006c                __init
 *(.init0)
 *(.init1)
 *(.init1)
 *(.init2)
 .init2         0x0000006c        0xc C:/Program Files (x86)/Atmel/Studio/7.0/Packs/atmel/ATmega_DFP/1.7.374/gcc/dev/atmega32/avr5/crtatmega32.o
 *(.init2)
 *(.init3)
 *(.init3)
 *(.init4)
 .init4         0x00000078       0x16 c:/program files (x86)/atmel/studio/7.0/toolchain/avr8/avr8-gnu-toolchain/bin/../lib/gcc/avr/5.4.0/avr5\libgcc.a(_copy_data.o)
                0x00000078                __do_copy_data
 *(.init4)
 *(.init5)
 *(.init5)
 *(.init6)
 *(.init6)
 *(.init7)
 *(.init7)
 *(.init8)
 *(.init8)
 *(.init9)
 .init9         0x0000008e        0x8 C:/Program Files (x86)/Atmel/Studio/7.0/Packs/atmel/ATmega_DFP/1.7.374/gcc/dev/atmega32/avr5/crtatmega32.o
 *(.init9)
 *(.text)
 .text          0x00000096        0x4 C:/Program Files (x86)/Atmel/Studio/7.0/Packs/atmel/ATmega_DFP/1.7.374/gcc/dev/atmega32/avr5/crtatmega32.o
                0x00000096                __vector_12
                0x00000096                __bad_interrupt
                0x00000096                __vector_6
                0x00000096                __vector_3
                0x00000096                __vector_11
                0x00000096                __vector_13
                0x00000096                __vector_17
                0x00000096                __vector_19
                0x00000096                __vector_7
                0x00000096                __vector_5
                0x00000096                __vector_4
                0x00000096                __vector_9
                0x00000096                __vector_2
                0x00000096                __vector_15
                0x00000096                __vector_8
                0x00000096                __vector_14
                0x00000096                __vector_10
                0x00000096                __vector_16
                0x00000096                __vector_18
                0x00000096                __vector_20
                0x0000009a                . = ALIGN (0x2)
 *(.text.*)
 .text.AllLedOff
                0x0000009a       0x14 COTS/APP/app.o
                0x0000009a                AllLedOff
 .text.__vector_1
                0x000000ae       0x5a COTS/APP/app.o
                0x000000ae                __vector_1
 .text.main     0x00000108       0x40 COTS/APP/app.o
                0x00000108                main
 .text.Button_init
                0x00000148        0xc COTS/HAL/Button.o
                0x00000148                Button_init
 .text.button_state
                0x00000154        0xa COTS/HAL/Button.o
                0x00000154                button_state
 .text.Keypad_Ins
                0x0000015e       0x48 COTS/HAL/keypad.o
                0x0000015e                Keypad_Ins
 .text.Keypad_Function
                0x000001a6       0xa8 COTS/HAL/keypad.o
                0x000001a6                Keypad_Function
 .text.Return_char
                0x0000024e       0x44 COTS/HAL/keypad.o
                0x0000024e                Return_char
 .text.Sendinstruction
                0x00000292      0x13c COTS/HAL/LCD.o
                0x00000292                Sendinstruction
 .text.LCD_ins  0x000003ce       0x68 COTS/HAL/LCD.o
                0x000003ce                LCD_ins
 .text.SendData
                0x00000436      0x13c COTS/HAL/LCD.o
                0x00000436                SendData
 .text.LED_off  0x00000572       0x30 COTS/HAL/LED.o
                0x00000572                LED_off
 .text.GPIO_setupPinDirection
                0x000005a2       0xe6 COTS/MCAL/GPIO.o
                0x000005a2                GPIO_setupPinDirection
 .text.GPIO_writePin
                0x00000688       0xe6 COTS/MCAL/GPIO.o
                0x00000688                GPIO_writePin
 .text.GPIO_readPin
                0x0000076e       0x8c COTS/MCAL/GPIO.o
                0x0000076e                GPIO_readPin
 .text.GPIO_setupPortDirection
                0x000007fa       0x24 COTS/MCAL/GPIO.o
                0x000007fa                GPIO_setupPortDirection
 .text.libgcc   0x0000081e        0xc c:/program files (x86)/atmel/studio/7.0/toolchain/avr8/avr8-gnu-toolchain/bin/../lib/gcc/avr/5.4.0/avr5\libgcc.a(_tablejump2.o)
                0x0000081e                __tablejump2__
                0x0000082a                . = ALIGN (0x2)
 *(.fini9)
 .fini9         0x0000082a        0x0 c:/program files (x86)/atmel/studio/7.0/toolchain/avr8/avr8-gnu-toolchain/bin/../lib/gcc/avr/5.4.0/avr5\libgcc.a(_exit.o)
                0x0000082a                _exit
                0x0000082a                exit
 *(.fini9)
 *(.fini8)
 *(.fini8)
 *(.fini7)
 *(.fini7)
 *(.fini6)
 *(.fini6)
 *(.fini5)
 *(.fini5)
 *(.fini4)
 *(.fini4)
 *(.fini3)
 *(.fini3)
 *(.fini2)
 *(.fini2)
 *(.fini1)
 *(.fini1)
 *(.fini0)
 .fini0         0x0000082a        0x4 c:/program files (x86)/atmel/studio/7.0/toolchain/avr8/avr8-gnu-toolchain/bin/../lib/gcc/avr/5.4.0/avr5\libgcc.a(_exit.o)
 *(.fini0)
                0x0000082e                _etext = .

.data           0x00800060        0x2 load address 0x0000082e
                0x00800060                PROVIDE (__data_start, .)
 *(.data)
 *(.data*)
 .data.stillins
                0x00800060        0x1 COTS/HAL/LCD.o
                0x00800060                stillins
 *(.gnu.linkonce.d*)
 *(.rodata)
 *(.rodata*)
 *(.gnu.linkonce.r*)
                0x00800062                . = ALIGN (0x2)
 *fill*         0x00800061        0x1 
                0x00800062                _edata = .
                0x00800062                PROVIDE (__data_end, .)

.bss            0x00800062        0x0
                [!provide]                PROVIDE (__bss_start, .)
 *(.bss)
 *(.bss*)
 *(COMMON)
                [!provide]                PROVIDE (__bss_end, .)
                0x0000082e                __data_load_start = LOADADDR (.data)
                0x00000830                __data_load_end = (__data_load_start + SIZEOF (.data))

.noinit         0x00800062        0x0
                [!provide]                PROVIDE (__noinit_start, .)
 *(.noinit*)
                [!provide]                PROVIDE (__noinit_end, .)
                0x00800062                _end = .
                [!provide]                PROVIDE (__heap_start, .)

.eeprom         0x00810000        0x0
 *(.eeprom*)
                0x00810000                __eeprom_end = .

.fuse
 *(.fuse)
 *(.lfuse)
 *(.hfuse)
 *(.efuse)

.lock
 *(.lock*)

.signature
 *(.signature*)

.user_signatures
 *(.user_signatures*)

.stab
 *(.stab)

.stabstr
 *(.stabstr)

.stab.excl
 *(.stab.excl)

.stab.exclstr
 *(.stab.exclstr)

.stab.index
 *(.stab.index)

.stab.indexstr
 *(.stab.indexstr)

.comment        0x00000000       0x30
 *(.comment)
 .comment       0x00000000       0x30 COTS/APP/app.o
                                 0x31 (size before relaxing)
 .comment       0x00000030       0x31 COTS/HAL/Button.o
 .comment       0x00000030       0x31 COTS/HAL/keypad.o
 .comment       0x00000030       0x31 COTS/HAL/LCD.o
 .comment       0x00000030       0x31 COTS/HAL/LED.o
 .comment       0x00000030       0x31 COTS/MCAL/GPIO.o

.note.gnu.avr.deviceinfo
                0x00000000       0x3c
 .note.gnu.avr.deviceinfo
                0x00000000       0x3c C:/Program Files (x86)/Atmel/Studio/7.0/Packs/atmel/ATmega_DFP/1.7.374/gcc/dev/atmega32/avr5/crtatmega32.o

.note.gnu.build-id
 *(.note.gnu.build-id)

.debug
 *(.debug)

.line
 *(.line)

.debug_srcinfo
 *(.debug_srcinfo)

.debug_sfnames
 *(.debug_sfnames)

.debug_aranges  0x00000000      0x138
 *(.debug_aranges)
 .debug_aranges
                0x00000000       0x30 COTS/APP/app.o
 .debug_aranges
                0x00000030       0x30 COTS/HAL/Button.o
 .debug_aranges
                0x00000060       0x30 COTS/HAL/keypad.o
 .debug_aranges
                0x00000090       0x30 COTS/HAL/LCD.o
 .debug_aranges
                0x000000c0       0x30 COTS/HAL/LED.o
 .debug_aranges
                0x000000f0       0x48 COTS/MCAL/GPIO.o

.debug_pubnames
 *(.debug_pubnames)

.debug_info     0x00000000     0x18d0
 *(.debug_info .gnu.linkonce.wi.*)
 .debug_info    0x00000000      0x4e6 C:/Program Files (x86)/Atmel/Studio/7.0/Packs/atmel/ATmega_DFP/1.7.374/gcc/dev/atmega32/avr5/crtatmega32.o
 .debug_info    0x000004e6      0x2cf COTS/APP/app.o
 .debug_info    0x000007b5      0x13e COTS/HAL/Button.o
 .debug_info    0x000008f3      0x2da COTS/HAL/keypad.o
 .debug_info    0x00000bcd      0x832 COTS/HAL/LCD.o
 .debug_info    0x000013ff      0x27a COTS/HAL/LED.o
 .debug_info    0x00001679      0x257 COTS/MCAL/GPIO.o

.debug_abbrev   0x00000000      0xb06
 *(.debug_abbrev)
 .debug_abbrev  0x00000000      0x4a3 C:/Program Files (x86)/Atmel/Studio/7.0/Packs/atmel/ATmega_DFP/1.7.374/gcc/dev/atmega32/avr5/crtatmega32.o
 .debug_abbrev  0x000004a3      0x183 COTS/APP/app.o
 .debug_abbrev  0x00000626       0xc6 COTS/HAL/Button.o
 .debug_abbrev  0x000006ec      0x114 COTS/HAL/keypad.o
 .debug_abbrev  0x00000800      0x141 COTS/HAL/LCD.o
 .debug_abbrev  0x00000941       0xb0 COTS/HAL/LED.o
 .debug_abbrev  0x000009f1      0x115 COTS/MCAL/GPIO.o

.debug_line     0x00000000      0xc5b
 *(.debug_line .debug_line.* .debug_line_end)
 .debug_line    0x00000000      0x116 C:/Program Files (x86)/Atmel/Studio/7.0/Packs/atmel/ATmega_DFP/1.7.374/gcc/dev/atmega32/avr5/crtatmega32.o
 .debug_line    0x00000116      0x1c4 COTS/APP/app.o
 .debug_line    0x000002da      0x124 COTS/HAL/Button.o
 .debug_line    0x000003fe      0x182 COTS/HAL/keypad.o
 .debug_line    0x00000580      0x2e4 COTS/HAL/LCD.o
 .debug_line    0x00000864       0xf2 COTS/HAL/LED.o
 .debug_line    0x00000956      0x305 COTS/MCAL/GPIO.o

.debug_frame    0x00000000      0x258
 *(.debug_frame)
 .debug_frame   0x00000000       0x9c COTS/APP/app.o
 .debug_frame   0x0000009c       0x44 COTS/HAL/Button.o
 .debug_frame   0x000000e0       0x6c COTS/HAL/keypad.o
 .debug_frame   0x0000014c       0x54 COTS/HAL/LCD.o
 .debug_frame   0x000001a0       0x44 COTS/HAL/LED.o
 .debug_frame   0x000001e4       0x74 COTS/MCAL/GPIO.o

.debug_str      0x00000000      0x568
 *(.debug_str)
 .debug_str     0x00000000      0x196 C:/Program Files (x86)/Atmel/Studio/7.0/Packs/atmel/ATmega_DFP/1.7.374/gcc/dev/atmega32/avr5/crtatmega32.o
 .debug_str     0x00000196      0x248 COTS/APP/app.o
                                0x281 (size before relaxing)
 .debug_str     0x000003de       0x6b COTS/HAL/Button.o
                                0x1fc (size before relaxing)
 .debug_str     0x00000449       0x28 COTS/HAL/keypad.o
                                0x20b (size before relaxing)
 .debug_str     0x00000471       0x4a COTS/HAL/LCD.o
                                0x241 (size before relaxing)
 .debug_str     0x000004bb       0x2a COTS/HAL/LED.o
                                0x201 (size before relaxing)
 .debug_str     0x000004e5       0x83 COTS/MCAL/GPIO.o
                                0x285 (size before relaxing)

.debug_loc      0x00000000      0xbf1
 *(.debug_loc)
 .debug_loc     0x00000000      0x18d COTS/APP/app.o
 .debug_loc     0x0000018d      0x177 COTS/HAL/keypad.o
 .debug_loc     0x00000304      0x4b8 COTS/HAL/LCD.o
 .debug_loc     0x000007bc       0xa6 COTS/HAL/LED.o
 .debug_loc     0x00000862      0x38f COTS/MCAL/GPIO.o

.debug_macinfo
 *(.debug_macinfo)

.debug_weaknames
 *(.debug_weaknames)

.debug_funcnames
 *(.debug_funcnames)

.debug_typenames
 *(.debug_typenames)

.debug_varnames
 *(.debug_varnames)

.debug_pubtypes
 *(.debug_pubtypes)

.debug_ranges   0x00000000       0xd8
 *(.debug_ranges)
 .debug_ranges  0x00000000       0x20 COTS/APP/app.o
 .debug_ranges  0x00000020       0x20 COTS/HAL/Button.o
 .debug_ranges  0x00000040       0x20 COTS/HAL/keypad.o
 .debug_ranges  0x00000060       0x20 COTS/HAL/LCD.o
 .debug_ranges  0x00000080       0x20 COTS/HAL/LED.o
 .debug_ranges  0x000000a0       0x38 COTS/MCAL/GPIO.o

.debug_macro
 *(.debug_macro)
OUTPUT(Assignment_4.elf elf32-avr)
LOAD linker stubs
